\ir include/insert_single.sql
\ir create_single_db.sql
SET client_min_messages = WARNING;
DROP DATABASE IF EXISTS single;
SET client_min_messages = NOTICE;
CREATE DATABASE single;
\c single
CREATE EXTENSION IF NOT EXISTS timescaledb CASCADE;
psql:include/create_single_db.sql:7: NOTICE:  installing required extension "postgres_fdw"
SELECT setup_timescaledb(hostname => 'fakehost'); -- fakehost makes sure there is no network connection
 setup_timescaledb 
-------------------
 
(1 row)

\c single
CREATE TABLE PUBLIC."one_Partition" (
  "timeCustom" BIGINT NOT NULL,
  device_id TEXT NOT NULL,
  series_0 DOUBLE PRECISION NULL,
  series_1 DOUBLE PRECISION NULL,
  series_2 DOUBLE PRECISION NULL,
  series_bool BOOLEAN NULL
);
CREATE INDEX ON PUBLIC."one_Partition" (device_id, "timeCustom" DESC NULLS LAST) WHERE device_id IS NOT NULL;
CREATE INDEX ON PUBLIC."one_Partition" ("timeCustom" DESC NULLS LAST, series_0) WHERE series_0 IS NOT NULL;
CREATE INDEX ON PUBLIC."one_Partition" ("timeCustom" DESC NULLS LAST, series_1)  WHERE series_1 IS NOT NULL;
CREATE INDEX ON PUBLIC."one_Partition" ("timeCustom" DESC NULLS LAST, series_2) WHERE series_2 IS NOT NULL;
CREATE INDEX ON PUBLIC."one_Partition" ("timeCustom" DESC NULLS LAST, series_bool) WHERE series_bool IS NOT NULL;
SELECT * FROM create_hypertable('"public"."one_Partition"', 'timeCustom', associated_schema_name=>'one_Partition' );
 create_hypertable 
-------------------
 
(1 row)

BEGIN;
\COPY "one_Partition" FROM 'data/ds1_dev1_1.tsv' NULL AS '';
COMMIT;
INSERT INTO "one_Partition"("timeCustom", device_id, series_0, series_1) VALUES
(1257987600000000000, 'dev1', 1.5, 1),
(1257987600000000000, 'dev1', 1.5, 2),
(1257894000000000000, 'dev2', 1.5, 1),
(1257894002000000000, 'dev1', 2.5, 3);
INSERT INTO "one_Partition"("timeCustom", device_id, series_0, series_1) VALUES
(1257894000000000000, 'dev2', 1.5, 2);
\d+ "one_Partition".*
Index "one_Partition.1-one_Partition_device_id_timeCustom_idx"
   Column   |  Type  |  Definition  | Storage  
------------+--------+--------------+----------
 device_id  | text   | device_id    | extended
 timeCustom | bigint | "timeCustom" | plain
btree, for table "one_Partition._hyper_1_1_0_1_data", predicate (device_id IS NOT NULL)

Index "one_Partition.10-one_Partition_timeCustom_series_bool_idx"
   Column    |  Type   |  Definition  | Storage 
-------------+---------+--------------+---------
 timeCustom  | bigint  | "timeCustom" | plain
 series_bool | boolean | series_bool  | plain
btree, for table "one_Partition._hyper_1_1_0_2_data", predicate (series_bool IS NOT NULL)

Index "one_Partition.11-one_Partition_device_id_timeCustom_idx"
   Column   |  Type  |  Definition  | Storage  
------------+--------+--------------+----------
 device_id  | text   | device_id    | extended
 timeCustom | bigint | "timeCustom" | plain
btree, for table "one_Partition._hyper_1_1_0_3_data", predicate (device_id IS NOT NULL)

Index "one_Partition.12-one_Partition_timeCustom_series_0_idx"
   Column   |       Type       |  Definition  | Storage 
------------+------------------+--------------+---------
 timeCustom | bigint           | "timeCustom" | plain
 series_0   | double precision | series_0     | plain
btree, for table "one_Partition._hyper_1_1_0_3_data", predicate (series_0 IS NOT NULL)

Index "one_Partition.13-one_Partition_timeCustom_series_1_idx"
   Column   |       Type       |  Definition  | Storage 
------------+------------------+--------------+---------
 timeCustom | bigint           | "timeCustom" | plain
 series_1   | double precision | series_1     | plain
btree, for table "one_Partition._hyper_1_1_0_3_data", predicate (series_1 IS NOT NULL)

Index "one_Partition.14-one_Partition_timeCustom_series_2_idx"
   Column   |       Type       |  Definition  | Storage 
------------+------------------+--------------+---------
 timeCustom | bigint           | "timeCustom" | plain
 series_2   | double precision | series_2     | plain
btree, for table "one_Partition._hyper_1_1_0_3_data", predicate (series_2 IS NOT NULL)

Index "one_Partition.15-one_Partition_timeCustom_series_bool_idx"
   Column    |  Type   |  Definition  | Storage 
-------------+---------+--------------+---------
 timeCustom  | bigint  | "timeCustom" | plain
 series_bool | boolean | series_bool  | plain
btree, for table "one_Partition._hyper_1_1_0_3_data", predicate (series_bool IS NOT NULL)

Index "one_Partition.2-one_Partition_timeCustom_series_0_idx"
   Column   |       Type       |  Definition  | Storage 
------------+------------------+--------------+---------
 timeCustom | bigint           | "timeCustom" | plain
 series_0   | double precision | series_0     | plain
btree, for table "one_Partition._hyper_1_1_0_1_data", predicate (series_0 IS NOT NULL)

Index "one_Partition.3-one_Partition_timeCustom_series_1_idx"
   Column   |       Type       |  Definition  | Storage 
------------+------------------+--------------+---------
 timeCustom | bigint           | "timeCustom" | plain
 series_1   | double precision | series_1     | plain
btree, for table "one_Partition._hyper_1_1_0_1_data", predicate (series_1 IS NOT NULL)

Index "one_Partition.4-one_Partition_timeCustom_series_2_idx"
   Column   |       Type       |  Definition  | Storage 
------------+------------------+--------------+---------
 timeCustom | bigint           | "timeCustom" | plain
 series_2   | double precision | series_2     | plain
btree, for table "one_Partition._hyper_1_1_0_1_data", predicate (series_2 IS NOT NULL)

Index "one_Partition.5-one_Partition_timeCustom_series_bool_idx"
   Column    |  Type   |  Definition  | Storage 
-------------+---------+--------------+---------
 timeCustom  | bigint  | "timeCustom" | plain
 series_bool | boolean | series_bool  | plain
btree, for table "one_Partition._hyper_1_1_0_1_data", predicate (series_bool IS NOT NULL)

Index "one_Partition.6-one_Partition_device_id_timeCustom_idx"
   Column   |  Type  |  Definition  | Storage  
------------+--------+--------------+----------
 device_id  | text   | device_id    | extended
 timeCustom | bigint | "timeCustom" | plain
btree, for table "one_Partition._hyper_1_1_0_2_data", predicate (device_id IS NOT NULL)

Index "one_Partition.7-one_Partition_timeCustom_series_0_idx"
   Column   |       Type       |  Definition  | Storage 
------------+------------------+--------------+---------
 timeCustom | bigint           | "timeCustom" | plain
 series_0   | double precision | series_0     | plain
btree, for table "one_Partition._hyper_1_1_0_2_data", predicate (series_0 IS NOT NULL)

Index "one_Partition.8-one_Partition_timeCustom_series_1_idx"
   Column   |       Type       |  Definition  | Storage 
------------+------------------+--------------+---------
 timeCustom | bigint           | "timeCustom" | plain
 series_1   | double precision | series_1     | plain
btree, for table "one_Partition._hyper_1_1_0_2_data", predicate (series_1 IS NOT NULL)

Index "one_Partition.9-one_Partition_timeCustom_series_2_idx"
   Column   |       Type       |  Definition  | Storage 
------------+------------------+--------------+---------
 timeCustom | bigint           | "timeCustom" | plain
 series_2   | double precision | series_2     | plain
btree, for table "one_Partition._hyper_1_1_0_2_data", predicate (series_2 IS NOT NULL)

                      Table "one_Partition._hyper_1_0_replica"
   Column    |       Type       | Modifiers | Storage  | Stats target | Description 
-------------+------------------+-----------+----------+--------------+-------------
 timeCustom  | bigint           | not null  | plain    |              | 
 device_id   | text             | not null  | extended |              | 
 series_0    | double precision |           | plain    |              | 
 series_1    | double precision |           | plain    |              | 
 series_2    | double precision |           | plain    |              | 
 series_bool | boolean          |           | plain    |              | 
Inherits: "one_Partition"._hyper_1_root
Child tables: "one_Partition"._hyper_1_1_0_partition

                     Table "one_Partition._hyper_1_1_0_1_data"
   Column    |       Type       | Modifiers | Storage  | Stats target | Description 
-------------+------------------+-----------+----------+--------------+-------------
 timeCustom  | bigint           | not null  | plain    |              | 
 device_id   | text             | not null  | extended |              | 
 series_0    | double precision |           | plain    |              | 
 series_1    | double precision |           | plain    |              | 
 series_2    | double precision |           | plain    |              | 
 series_bool | boolean          |           | plain    |              | 
Indexes:
    "1-one_Partition_device_id_timeCustom_idx" btree (device_id, "timeCustom" DESC NULLS LAST) WHERE device_id IS NOT NULL
    "2-one_Partition_timeCustom_series_0_idx" btree ("timeCustom" DESC NULLS LAST, series_0) WHERE series_0 IS NOT NULL
    "3-one_Partition_timeCustom_series_1_idx" btree ("timeCustom" DESC NULLS LAST, series_1) WHERE series_1 IS NOT NULL
    "4-one_Partition_timeCustom_series_2_idx" btree ("timeCustom" DESC NULLS LAST, series_2) WHERE series_2 IS NOT NULL
    "5-one_Partition_timeCustom_series_bool_idx" btree ("timeCustom" DESC NULLS LAST, series_bool) WHERE series_bool IS NOT NULL
Check constraints:
    "time_range" CHECK ("timeCustom" >= '1257892416000000000'::bigint AND "timeCustom" <= '1257895007999999999'::bigint)
Inherits: "one_Partition"._hyper_1_1_0_partition

                     Table "one_Partition._hyper_1_1_0_2_data"
   Column    |       Type       | Modifiers | Storage  | Stats target | Description 
-------------+------------------+-----------+----------+--------------+-------------
 timeCustom  | bigint           | not null  | plain    |              | 
 device_id   | text             | not null  | extended |              | 
 series_0    | double precision |           | plain    |              | 
 series_1    | double precision |           | plain    |              | 
 series_2    | double precision |           | plain    |              | 
 series_bool | boolean          |           | plain    |              | 
Indexes:
    "10-one_Partition_timeCustom_series_bool_idx" btree ("timeCustom" DESC NULLS LAST, series_bool) WHERE series_bool IS NOT NULL
    "6-one_Partition_device_id_timeCustom_idx" btree (device_id, "timeCustom" DESC NULLS LAST) WHERE device_id IS NOT NULL
    "7-one_Partition_timeCustom_series_0_idx" btree ("timeCustom" DESC NULLS LAST, series_0) WHERE series_0 IS NOT NULL
    "8-one_Partition_timeCustom_series_1_idx" btree ("timeCustom" DESC NULLS LAST, series_1) WHERE series_1 IS NOT NULL
    "9-one_Partition_timeCustom_series_2_idx" btree ("timeCustom" DESC NULLS LAST, series_2) WHERE series_2 IS NOT NULL
Check constraints:
    "time_range" CHECK ("timeCustom" >= '1257897600000000000'::bigint AND "timeCustom" <= '1257900191999999999'::bigint)
Inherits: "one_Partition"._hyper_1_1_0_partition

                     Table "one_Partition._hyper_1_1_0_3_data"
   Column    |       Type       | Modifiers | Storage  | Stats target | Description 
-------------+------------------+-----------+----------+--------------+-------------
 timeCustom  | bigint           | not null  | plain    |              | 
 device_id   | text             | not null  | extended |              | 
 series_0    | double precision |           | plain    |              | 
 series_1    | double precision |           | plain    |              | 
 series_2    | double precision |           | plain    |              | 
 series_bool | boolean          |           | plain    |              | 
Indexes:
    "11-one_Partition_device_id_timeCustom_idx" btree (device_id, "timeCustom" DESC NULLS LAST) WHERE device_id IS NOT NULL
    "12-one_Partition_timeCustom_series_0_idx" btree ("timeCustom" DESC NULLS LAST, series_0) WHERE series_0 IS NOT NULL
    "13-one_Partition_timeCustom_series_1_idx" btree ("timeCustom" DESC NULLS LAST, series_1) WHERE series_1 IS NOT NULL
    "14-one_Partition_timeCustom_series_2_idx" btree ("timeCustom" DESC NULLS LAST, series_2) WHERE series_2 IS NOT NULL
    "15-one_Partition_timeCustom_series_bool_idx" btree ("timeCustom" DESC NULLS LAST, series_bool) WHERE series_bool IS NOT NULL
Check constraints:
    "time_range" CHECK ("timeCustom" >= '1257985728000000000'::bigint AND "timeCustom" <= '1257988319999999999'::bigint)
Inherits: "one_Partition"._hyper_1_1_0_partition

                    Table "one_Partition._hyper_1_1_0_partition"
   Column    |       Type       | Modifiers | Storage  | Stats target | Description 
-------------+------------------+-----------+----------+--------------+-------------
 timeCustom  | bigint           | not null  | plain    |              | 
 device_id   | text             | not null  | extended |              | 
 series_0    | double precision |           | plain    |              | 
 series_1    | double precision |           | plain    |              | 
 series_2    | double precision |           | plain    |              | 
 series_bool | boolean          |           | plain    |              | 
Inherits: "one_Partition"._hyper_1_0_replica
Child tables: "one_Partition"._hyper_1_1_0_1_data,
              "one_Partition"._hyper_1_1_0_2_data,
              "one_Partition"._hyper_1_1_0_3_data

                        Table "one_Partition._hyper_1_root"
   Column    |       Type       | Modifiers | Storage  | Stats target | Description 
-------------+------------------+-----------+----------+--------------+-------------
 timeCustom  | bigint           | not null  | plain    |              | 
 device_id   | text             | not null  | extended |              | 
 series_0    | double precision |           | plain    |              | 
 series_1    | double precision |           | plain    |              | 
 series_2    | double precision |           | plain    |              | 
 series_bool | boolean          |           | plain    |              | 
Child tables: "one_Partition"._hyper_1_0_replica

SELECT * FROM "one_Partition" ORDER BY "timeCustom", device_id;
     timeCustom      | device_id | series_0 | series_1 | series_2 | series_bool 
---------------------+-----------+----------+----------+----------+-------------
 1257894000000000000 | dev1      |      1.5 |        1 |        2 | t
 1257894000000000000 | dev1      |      1.5 |        2 |          | 
 1257894000000000000 | dev2      |      1.5 |        1 |          | 
 1257894000000000000 | dev2      |      1.5 |        2 |          | 
 1257894000000001000 | dev1      |      2.5 |        3 |          | 
 1257894001000000000 | dev1      |      3.5 |        4 |          | 
 1257894002000000000 | dev1      |      2.5 |        3 |          | 
 1257894002000000000 | dev1      |      5.5 |        6 |          | t
 1257894002000000000 | dev1      |      5.5 |        7 |          | f
 1257897600000000000 | dev1      |      4.5 |        5 |          | f
 1257987600000000000 | dev1      |      1.5 |        1 |          | 
 1257987600000000000 | dev1      |      1.5 |        2 |          | 
(12 rows)

--test that we can insert data into a 1-dimensional table (only time partitioning)
CREATE TABLE "1dim"(time timestamp, temp float);
SELECT create_hypertable('"1dim"', 'time');
 create_hypertable 
-------------------
 
(1 row)

\set QUIET off
INSERT INTO "1dim" VALUES('2017-01-20T09:00:01', 22.5);
INSERT 0 1
INSERT INTO "1dim" VALUES('2017-01-20T09:00:21', 21.2);
INSERT 0 1
INSERT INTO "1dim" VALUES('2017-01-20T09:00:47', 25.1);
INSERT 0 1
\set QUIET on
SELECT * FROM "1dim";
           time           | temp 
--------------------------+------
 Fri Jan 20 09:00:01 2017 | 22.5
 Fri Jan 20 09:00:21 2017 | 21.2
 Fri Jan 20 09:00:47 2017 | 25.1
(3 rows)

